src/components/AMPAd.tsx(28,13): error TS2339: Property 'amp-ad' does not exist on type 'JSX.IntrinsicElements'.
